// Jest Snapshot v1, https://goo.gl/fbAQLP

exports[`<Placeholder /> component snapshot ok 1`] = `ShallowWrapper {}`;
