// Jest Snapshot v1, https://goo.gl/fbAQLP

exports[`<ComponentLoading /> component snapshot ok 1`] = `ShallowWrapper {}`;
